INFO:werkzeug:[31m[1mWARNING: This is a development server. Do not use it in a production deployment. Use a production WSGI server instead.[0m
 * Running on http://127.0.0.1:5000
INFO:werkzeug:[33mPress CTRL+C to quit[0m
INFO:werkzeug:[31m[1mWARNING: This is a development server. Do not use it in a production deployment. Use a production WSGI server instead.[0m
 * Running on http://127.0.0.1:5000
INFO:werkzeug:[33mPress CTRL+C to quit[0m
ERROR:app:Exception on /search [GET]
Traceback (most recent call last):
  File "C:\Python38-32\lib\site-packages\flask\app.py", line 2525, in wsgi_app
    response = self.full_dispatch_request()
  File "C:\Python38-32\lib\site-packages\flask\app.py", line 1823, in full_dispatch_request
    return self.finalize_request(rv)
  File "C:\Python38-32\lib\site-packages\flask\app.py", line 1842, in finalize_request
    response = self.make_response(rv)
  File "C:\Python38-32\lib\site-packages\flask\app.py", line 2134, in make_response
    raise TypeError(
TypeError: The view function for 'main_blueprint.search_page' did not return a valid response. The function either returned None or ended without a return statement.
INFO:werkzeug:127.0.0.1 - - [18/Oct/2022 21:03:30] "[35m[1mGET /search?s= HTTP/1.1[0m" 500 -
INFO:werkzeug:[31m[1mWARNING: This is a development server. Do not use it in a production deployment. Use a production WSGI server instead.[0m
 * Running on http://127.0.0.1:5000
INFO:werkzeug:[33mPress CTRL+C to quit[0m
INFO:werkzeug:[31m[1mWARNING: This is a development server. Do not use it in a production deployment. Use a production WSGI server instead.[0m
 * Running on http://127.0.0.1:5000
INFO:werkzeug:[33mPress CTRL+C to quit[0m
INFO:root:Открытие главной страницы.
ERROR:app:Exception on / [GET]
Traceback (most recent call last):
  File "C:\Python38-32\lib\site-packages\flask\app.py", line 2525, in wsgi_app
    response = self.full_dispatch_request()
  File "C:\Python38-32\lib\site-packages\flask\app.py", line 1823, in full_dispatch_request
    return self.finalize_request(rv)
  File "C:\Python38-32\lib\site-packages\flask\app.py", line 1842, in finalize_request
    response = self.make_response(rv)
  File "C:\Python38-32\lib\site-packages\flask\app.py", line 2134, in make_response
    raise TypeError(
TypeError: The view function for 'main_blueprint.main_page' did not return a valid response. The function either returned None or ended without a return statement.
INFO:werkzeug:127.0.0.1 - - [18/Oct/2022 22:12:06] "[35m[1mGET / HTTP/1.1[0m" 500 -
INFO:root:Открытие главной страницы.
ERROR:app:Exception on / [GET]
Traceback (most recent call last):
  File "C:\Python38-32\lib\site-packages\flask\app.py", line 2525, in wsgi_app
    response = self.full_dispatch_request()
  File "C:\Python38-32\lib\site-packages\flask\app.py", line 1823, in full_dispatch_request
    return self.finalize_request(rv)
  File "C:\Python38-32\lib\site-packages\flask\app.py", line 1842, in finalize_request
    response = self.make_response(rv)
  File "C:\Python38-32\lib\site-packages\flask\app.py", line 2134, in make_response
    raise TypeError(
TypeError: The view function for 'main_blueprint.main_page' did not return a valid response. The function either returned None or ended without a return statement.
INFO:werkzeug:127.0.0.1 - - [18/Oct/2022 22:19:07] "[35m[1mGET / HTTP/1.1[0m" 500 -
INFO:werkzeug:[31m[1mWARNING: This is a development server. Do not use it in a production deployment. Use a production WSGI server instead.[0m
 * Running on http://127.0.0.1:5000
INFO:werkzeug:[33mPress CTRL+C to quit[0m
INFO:root:Открытие главной страницы.
INFO:werkzeug:127.0.0.1 - - [18/Oct/2022 22:20:21] "GET / HTTP/1.1" 200 -
INFO:werkzeug:127.0.0.1 - - [18/Oct/2022 22:20:21] "GET /static/style.css HTTP/1.1" 200 -
INFO:root:Открытие главной страницы.
INFO:werkzeug:127.0.0.1 - - [18/Oct/2022 22:20:27] "GET /?s=ага HTTP/1.1" 200 -
INFO:werkzeug:127.0.0.1 - - [18/Oct/2022 22:20:27] "[36mGET /static/style.css HTTP/1.1[0m" 304 -
INFO:root:Открытие главной страницы.
INFO:werkzeug:127.0.0.1 - - [18/Oct/2022 22:20:34] "GET /?s=утром HTTP/1.1" 200 -
INFO:werkzeug:127.0.0.1 - - [18/Oct/2022 22:20:34] "[36mGET /static/style.css HTTP/1.1[0m" 304 -
INFO:werkzeug:[31m[1mWARNING: This is a development server. Do not use it in a production deployment. Use a production WSGI server instead.[0m
 * Running on http://127.0.0.1:5000
INFO:werkzeug:[33mPress CTRL+C to quit[0m
INFO:root:Открытие главной страницы.
INFO:werkzeug:127.0.0.1 - - [18/Oct/2022 22:23:01] "GET /?s=ага HTTP/1.1" 200 -
INFO:werkzeug:127.0.0.1 - - [18/Oct/2022 22:23:01] "[36mGET /static/style.css HTTP/1.1[0m" 304 -
ERROR:app:Exception on /search [GET]
Traceback (most recent call last):
  File "C:\Python38-32\lib\site-packages\flask\app.py", line 2525, in wsgi_app
    response = self.full_dispatch_request()
  File "C:\Python38-32\lib\site-packages\flask\app.py", line 1822, in full_dispatch_request
    rv = self.handle_user_exception(e)
  File "C:\Python38-32\lib\site-packages\flask\app.py", line 1820, in full_dispatch_request
    rv = self.dispatch_request()
  File "C:\Python38-32\lib\site-packages\flask\app.py", line 1796, in dispatch_request
    return self.ensure_sync(self.view_functions[rule.endpoint])(**view_args)
  File "C:\Users\ADMIN\Desktop\12.2\main\views.py", line 18, in search_page
    s = request.arg.get("s", "")
AttributeError: 'Request' object has no attribute 'arg'
INFO:werkzeug:127.0.0.1 - - [18/Oct/2022 22:23:05] "[35m[1mGET /search?s= HTTP/1.1[0m" 500 -
ERROR:app:Exception on /search [GET]
Traceback (most recent call last):
  File "C:\Python38-32\lib\site-packages\flask\app.py", line 2525, in wsgi_app
    response = self.full_dispatch_request()
  File "C:\Python38-32\lib\site-packages\flask\app.py", line 1822, in full_dispatch_request
    rv = self.handle_user_exception(e)
  File "C:\Python38-32\lib\site-packages\flask\app.py", line 1820, in full_dispatch_request
    rv = self.dispatch_request()
  File "C:\Python38-32\lib\site-packages\flask\app.py", line 1796, in dispatch_request
    return self.ensure_sync(self.view_functions[rule.endpoint])(**view_args)
  File "C:\Users\ADMIN\Desktop\12.2\main\views.py", line 18, in search_page
    s = request.arg.get("s", "")
AttributeError: 'Request' object has no attribute 'arg'
INFO:werkzeug:127.0.0.1 - - [18/Oct/2022 22:25:48] "[35m[1mGET /search?s= HTTP/1.1[0m" 500 -
INFO:root:Открытие главной страницы.
INFO:werkzeug:127.0.0.1 - - [18/Oct/2022 22:25:59] "GET / HTTP/1.1" 200 -
INFO:werkzeug:127.0.0.1 - - [18/Oct/2022 22:25:59] "[36mGET /static/style.css HTTP/1.1[0m" 304 -
ERROR:app:Exception on /search [GET]
Traceback (most recent call last):
  File "C:\Python38-32\lib\site-packages\flask\app.py", line 2525, in wsgi_app
    response = self.full_dispatch_request()
  File "C:\Python38-32\lib\site-packages\flask\app.py", line 1822, in full_dispatch_request
    rv = self.handle_user_exception(e)
  File "C:\Python38-32\lib\site-packages\flask\app.py", line 1820, in full_dispatch_request
    rv = self.dispatch_request()
  File "C:\Python38-32\lib\site-packages\flask\app.py", line 1796, in dispatch_request
    return self.ensure_sync(self.view_functions[rule.endpoint])(**view_args)
  File "C:\Users\ADMIN\Desktop\12.2\main\views.py", line 18, in search_page
    s = request.arg.get("s", "")
AttributeError: 'Request' object has no attribute 'arg'
INFO:werkzeug:127.0.0.1 - - [18/Oct/2022 22:26:02] "[35m[1mGET /search?s=ага HTTP/1.1[0m" 500 -
INFO:werkzeug:[31m[1mWARNING: This is a development server. Do not use it in a production deployment. Use a production WSGI server instead.[0m
 * Running on http://127.0.0.1:5000
INFO:werkzeug:[33mPress CTRL+C to quit[0m
INFO:root:Открытие главной страницы.
INFO:werkzeug:127.0.0.1 - - [18/Oct/2022 22:30:31] "GET / HTTP/1.1" 200 -
INFO:werkzeug:127.0.0.1 - - [18/Oct/2022 22:30:32] "[36mGET /static/style.css HTTP/1.1[0m" 304 -
ERROR:app:Exception on /search [GET]
Traceback (most recent call last):
  File "C:\Python38-32\lib\site-packages\flask\app.py", line 2525, in wsgi_app
    response = self.full_dispatch_request()
  File "C:\Python38-32\lib\site-packages\flask\app.py", line 1822, in full_dispatch_request
    rv = self.handle_user_exception(e)
  File "C:\Python38-32\lib\site-packages\flask\app.py", line 1820, in full_dispatch_request
    rv = self.dispatch_request()
  File "C:\Python38-32\lib\site-packages\flask\app.py", line 1796, in dispatch_request
    return self.ensure_sync(self.view_functions[rule.endpoint])(**view_args)
  File "C:\Users\ADMIN\Desktop\12.2\main\views.py", line 18, in search_page
    s = request.arg.get("s", "")
AttributeError: 'NoneType' object has no attribute 'get'
INFO:werkzeug:127.0.0.1 - - [18/Oct/2022 22:30:36] "[35m[1mGET /search?s=ага HTTP/1.1[0m" 500 -
INFO:werkzeug:[31m[1mWARNING: This is a development server. Do not use it in a production deployment. Use a production WSGI server instead.[0m
 * Running on http://127.0.0.1:5000
INFO:werkzeug:[33mPress CTRL+C to quit[0m
INFO:root:поиск...
ERROR:app:Exception on /search [GET]
Traceback (most recent call last):
  File "C:\Python38-32\lib\site-packages\flask\app.py", line 2525, in wsgi_app
    response = self.full_dispatch_request()
  File "C:\Python38-32\lib\site-packages\flask\app.py", line 1822, in full_dispatch_request
    rv = self.handle_user_exception(e)
  File "C:\Python38-32\lib\site-packages\flask\app.py", line 1820, in full_dispatch_request
    rv = self.dispatch_request()
  File "C:\Python38-32\lib\site-packages\flask\app.py", line 1796, in dispatch_request
    return self.ensure_sync(self.view_functions[rule.endpoint])(**view_args)
  File "C:\Users\ADMIN\Desktop\12.2\main\views.py", line 20, in search_page
    posts = load_json_data("posts.json")
  File "C:\Users\ADMIN\Desktop\12.2\main\utils.py", line 5, in load_json_data
    with open(path, "r", encoding="UTF-8") as file:
FileNotFoundError: [Errno 2] No such file or directory: 'posts.json'
INFO:werkzeug:127.0.0.1 - - [18/Oct/2022 22:35:03] "[35m[1mGET /search?s=ага HTTP/1.1[0m" 500 -
INFO:root:поиск...
ERROR:app:Exception on /search [GET]
Traceback (most recent call last):
  File "C:\Python38-32\lib\site-packages\flask\app.py", line 2525, in wsgi_app
    response = self.full_dispatch_request()
  File "C:\Python38-32\lib\site-packages\flask\app.py", line 1822, in full_dispatch_request
    rv = self.handle_user_exception(e)
  File "C:\Python38-32\lib\site-packages\flask\app.py", line 1820, in full_dispatch_request
    rv = self.dispatch_request()
  File "C:\Python38-32\lib\site-packages\flask\app.py", line 1796, in dispatch_request
    return self.ensure_sync(self.view_functions[rule.endpoint])(**view_args)
  File "C:\Users\ADMIN\Desktop\12.2\main\views.py", line 20, in search_page
    posts = load_json_data("posts.json")
  File "C:\Users\ADMIN\Desktop\12.2\main\utils.py", line 5, in load_json_data
    with open(path, "r", encoding="UTF-8") as file:
FileNotFoundError: [Errno 2] No such file or directory: 'posts.json'
INFO:werkzeug:127.0.0.1 - - [18/Oct/2022 22:35:17] "[35m[1mGET /search?s=ага HTTP/1.1[0m" 500 -
INFO:werkzeug:[31m[1mWARNING: This is a development server. Do not use it in a production deployment. Use a production WSGI server instead.[0m
 * Running on http://127.0.0.1:5000
INFO:werkzeug:[33mPress CTRL+C to quit[0m
INFO:root:Открытие главной страницы.
INFO:werkzeug:127.0.0.1 - - [18/Oct/2022 22:38:35] "GET / HTTP/1.1" 200 -
INFO:werkzeug:127.0.0.1 - - [18/Oct/2022 22:38:35] "[36mGET /static/style.css HTTP/1.1[0m" 304 -
INFO:root:поиск...
ERROR:app:Exception on /search [GET]
Traceback (most recent call last):
  File "C:\Python38-32\lib\site-packages\flask\app.py", line 2525, in wsgi_app
    response = self.full_dispatch_request()
  File "C:\Python38-32\lib\site-packages\flask\app.py", line 1822, in full_dispatch_request
    rv = self.handle_user_exception(e)
  File "C:\Python38-32\lib\site-packages\flask\app.py", line 1820, in full_dispatch_request
    rv = self.dispatch_request()
  File "C:\Python38-32\lib\site-packages\flask\app.py", line 1796, in dispatch_request
    return self.ensure_sync(self.view_functions[rule.endpoint])(**view_args)
  File "C:\Users\ADMIN\Desktop\12.2\main\views.py", line 20, in search_page
    posts = load_json_data("posts.json")
  File "C:\Users\ADMIN\Desktop\12.2\main\utils.py", line 5, in load_json_data
    with open(path, "r", encoding="UTF-8") as file:
FileNotFoundError: [Errno 2] No such file or directory: 'posts.json'
INFO:werkzeug:127.0.0.1 - - [18/Oct/2022 22:38:40] "[35m[1mGET /search?s=ага HTTP/1.1[0m" 500 -
INFO:werkzeug:[31m[1mWARNING: This is a development server. Do not use it in a production deployment. Use a production WSGI server instead.[0m
 * Running on http://127.0.0.1:5000
INFO:werkzeug:[33mPress CTRL+C to quit[0m
INFO:root:Открытие главной страницы.
INFO:werkzeug:127.0.0.1 - - [18/Oct/2022 22:40:43] "GET / HTTP/1.1" 200 -
INFO:werkzeug:127.0.0.1 - - [18/Oct/2022 22:40:43] "[36mGET /static/style.css HTTP/1.1[0m" 304 -
INFO:root:поиск...
INFO:werkzeug:127.0.0.1 - - [18/Oct/2022 22:40:46] "GET /search?s=ага HTTP/1.1" 200 -
INFO:werkzeug:127.0.0.1 - - [18/Oct/2022 22:40:46] "[36mGET /static/style.css HTTP/1.1[0m" 304 -
INFO:root:Открытие главной страницы.
INFO:werkzeug:127.0.0.1 - - [18/Oct/2022 22:44:52] "GET / HTTP/1.1" 200 -
INFO:werkzeug:127.0.0.1 - - [18/Oct/2022 22:44:52] "[36mGET /static/style.css HTTP/1.1[0m" 304 -
INFO:root:поиск...
INFO:werkzeug:127.0.0.1 - - [18/Oct/2022 22:52:39] "GET /search?s=ага HTTP/1.1" 200 -
INFO:werkzeug:127.0.0.1 - - [18/Oct/2022 22:52:39] "[36mGET /static/style.css HTTP/1.1[0m" 304 -
INFO:werkzeug:[31m[1mWARNING: This is a development server. Do not use it in a production deployment. Use a production WSGI server instead.[0m
 * Running on http://127.0.0.1:5000
INFO:werkzeug:[33mPress CTRL+C to quit[0m
INFO:root:поиск...
INFO:werkzeug:127.0.0.1 - - [18/Oct/2022 22:53:06] "GET /search?s=ага HTTP/1.1" 200 -
INFO:werkzeug:127.0.0.1 - - [18/Oct/2022 22:53:06] "[36mGET /static/style.css HTTP/1.1[0m" 304 -
INFO:root:Открытие главной страницы.
INFO:werkzeug:127.0.0.1 - - [18/Oct/2022 22:53:15] "GET / HTTP/1.1" 200 -
INFO:werkzeug:127.0.0.1 - - [18/Oct/2022 22:53:15] "[36mGET /static/style.css HTTP/1.1[0m" 304 -
INFO:werkzeug:127.0.0.1 - - [18/Oct/2022 22:53:16] "[36mGET /static/style.css HTTP/1.1[0m" 304 -
INFO:root:поиск...
INFO:werkzeug:127.0.0.1 - - [18/Oct/2022 22:53:19] "GET /search?s=ага HTTP/1.1" 200 -
INFO:werkzeug:127.0.0.1 - - [18/Oct/2022 22:53:19] "[36mGET /static/style.css HTTP/1.1[0m" 304 -
INFO:root:Открытие главной страницы.
INFO:werkzeug:127.0.0.1 - - [18/Oct/2022 22:53:25] "GET / HTTP/1.1" 200 -
INFO:werkzeug:127.0.0.1 - - [18/Oct/2022 22:53:25] "[36mGET /static/style.css HTTP/1.1[0m" 304 -
INFO:root:поиск...
INFO:werkzeug:127.0.0.1 - - [18/Oct/2022 22:53:28] "GET /search?s=утром HTTP/1.1" 200 -
INFO:werkzeug:127.0.0.1 - - [18/Oct/2022 22:53:28] "[36mGET /static/style.css HTTP/1.1[0m" 304 -
INFO:werkzeug:[31m[1mWARNING: This is a development server. Do not use it in a production deployment. Use a production WSGI server instead.[0m
 * Running on http://127.0.0.1:5000
INFO:werkzeug:[33mPress CTRL+C to quit[0m
INFO:root:Открытие главной страницы.
INFO:werkzeug:127.0.0.1 - - [18/Oct/2022 23:27:09] "GET / HTTP/1.1" 200 -
INFO:werkzeug:127.0.0.1 - - [18/Oct/2022 23:27:09] "[36mGET /static/style.css HTTP/1.1[0m" 304 -
INFO:werkzeug:127.0.0.1 - - [18/Oct/2022 23:27:10] "[36mGET /static/style.css HTTP/1.1[0m" 304 -
INFO:root:поиск...
INFO:werkzeug:127.0.0.1 - - [18/Oct/2022 23:27:13] "GET /search?s=ага HTTP/1.1" 200 -
INFO:werkzeug:127.0.0.1 - - [18/Oct/2022 23:27:13] "[36mGET /static/style.css HTTP/1.1[0m" 304 -
INFO:root:поиск...
INFO:werkzeug:127.0.0.1 - - [18/Oct/2022 23:27:22] "GET /search?s=Ага HTTP/1.1" 200 -
INFO:werkzeug:127.0.0.1 - - [18/Oct/2022 23:27:22] "[36mGET /static/style.css HTTP/1.1[0m" 304 -
INFO:root:Открытие главной страницы.
INFO:werkzeug:127.0.0.1 - - [18/Oct/2022 23:27:24] "GET / HTTP/1.1" 200 -
INFO:werkzeug:127.0.0.1 - - [18/Oct/2022 23:27:24] "[36mGET /static/style.css HTTP/1.1[0m" 304 -
INFO:werkzeug:[31m[1mWARNING: This is a development server. Do not use it in a production deployment. Use a production WSGI server instead.[0m
 * Running on http://127.0.0.1:5000
INFO:werkzeug:[33mPress CTRL+C to quit[0m
INFO:root:Открытие главной страницы.
INFO:werkzeug:127.0.0.1 - - [19/Oct/2022 00:07:07] "GET / HTTP/1.1" 200 -
INFO:werkzeug:127.0.0.1 - - [19/Oct/2022 00:07:07] "[36mGET /static/style.css HTTP/1.1[0m" 304 -
INFO:root:поиск...
INFO:werkzeug:127.0.0.1 - - [19/Oct/2022 00:07:58] "GET /search?s=ага HTTP/1.1" 200 -
INFO:werkzeug:127.0.0.1 - - [19/Oct/2022 00:07:58] "[36mGET /static/style.css HTTP/1.1[0m" 304 -
INFO:root:Открытие главной страницы.
INFO:werkzeug:127.0.0.1 - - [19/Oct/2022 00:08:01] "GET / HTTP/1.1" 200 -
INFO:werkzeug:127.0.0.1 - - [19/Oct/2022 00:08:01] "[36mGET /static/style.css HTTP/1.1[0m" 304 -
INFO:werkzeug:127.0.0.1 - - [19/Oct/2022 00:08:02] "[33mGET /post HTTP/1.1[0m" 404 -
INFO:werkzeug:[31m[1mWARNING: This is a development server. Do not use it in a production deployment. Use a production WSGI server instead.[0m
 * Running on http://127.0.0.1:5000
INFO:werkzeug:[33mPress CTRL+C to quit[0m
INFO:werkzeug:127.0.0.1 - - [19/Oct/2022 00:11:09] "GET /post HTTP/1.1" 200 -
INFO:werkzeug:127.0.0.1 - - [19/Oct/2022 00:11:09] "[36mGET /static/style.css HTTP/1.1[0m" 304 -
INFO:root:Открытие главной страницы.
INFO:werkzeug:127.0.0.1 - - [19/Oct/2022 00:11:13] "GET / HTTP/1.1" 200 -
INFO:werkzeug:127.0.0.1 - - [19/Oct/2022 00:11:13] "[36mGET /static/style.css HTTP/1.1[0m" 304 -
INFO:werkzeug:127.0.0.1 - - [19/Oct/2022 00:11:15] "GET /post HTTP/1.1" 200 -
INFO:werkzeug:127.0.0.1 - - [19/Oct/2022 00:11:15] "[36mGET /static/style.css HTTP/1.1[0m" 304 -
ERROR:app:Exception on /post [POST]
Traceback (most recent call last):
  File "C:\Python38-32\lib\site-packages\flask\app.py", line 2525, in wsgi_app
    response = self.full_dispatch_request()
  File "C:\Python38-32\lib\site-packages\flask\app.py", line 1823, in full_dispatch_request
    return self.finalize_request(rv)
  File "C:\Python38-32\lib\site-packages\flask\app.py", line 1842, in finalize_request
    response = self.make_response(rv)
  File "C:\Python38-32\lib\site-packages\flask\app.py", line 2134, in make_response
    raise TypeError(
TypeError: The view function for 'loader_blueprint.create_new_post_by_user' did not return a valid response. The function either returned None or ended without a return statement.
INFO:werkzeug:127.0.0.1 - - [19/Oct/2022 00:11:17] "[35m[1mPOST /post HTTP/1.1[0m" 500 -
INFO:werkzeug:[31m[1mWARNING: This is a development server. Do not use it in a production deployment. Use a production WSGI server instead.[0m
 * Running on http://127.0.0.1:5000
INFO:werkzeug:[33mPress CTRL+C to quit[0m
INFO:root:Открытие главной страницы.
INFO:werkzeug:127.0.0.1 - - [19/Oct/2022 20:28:33] "GET / HTTP/1.1" 200 -
INFO:werkzeug:127.0.0.1 - - [19/Oct/2022 20:28:33] "[36mGET /static/style.css HTTP/1.1[0m" 304 -
INFO:werkzeug:127.0.0.1 - - [19/Oct/2022 20:28:33] "[33mGET /favicon.ico HTTP/1.1[0m" 404 -
INFO:root:поиск...
INFO:werkzeug:127.0.0.1 - - [19/Oct/2022 20:28:36] "GET /search?s= HTTP/1.1" 200 -
INFO:werkzeug:127.0.0.1 - - [19/Oct/2022 20:28:36] "[36mGET /static/style.css HTTP/1.1[0m" 304 -
INFO:root:Открытие главной страницы.
INFO:werkzeug:127.0.0.1 - - [19/Oct/2022 20:28:47] "GET / HTTP/1.1" 200 -
INFO:werkzeug:127.0.0.1 - - [19/Oct/2022 20:28:47] "[36mGET /static/style.css HTTP/1.1[0m" 304 -
INFO:werkzeug:127.0.0.1 - - [19/Oct/2022 20:28:48] "GET /post HTTP/1.1" 200 -
INFO:werkzeug:127.0.0.1 - - [19/Oct/2022 20:28:48] "[36mGET /static/style.css HTTP/1.1[0m" 304 -
ERROR:app:Exception on /post [POST]
Traceback (most recent call last):
  File "C:\Python38-32\lib\site-packages\flask\app.py", line 2525, in wsgi_app
    response = self.full_dispatch_request()
  File "C:\Python38-32\lib\site-packages\flask\app.py", line 1823, in full_dispatch_request
    return self.finalize_request(rv)
  File "C:\Python38-32\lib\site-packages\flask\app.py", line 1842, in finalize_request
    response = self.make_response(rv)
  File "C:\Python38-32\lib\site-packages\flask\app.py", line 2134, in make_response
    raise TypeError(
TypeError: The view function for 'loader_blueprint.create_new_post_by_user' did not return a valid response. The function either returned None or ended without a return statement.
INFO:werkzeug:127.0.0.1 - - [19/Oct/2022 20:29:08] "[35m[1mPOST /post HTTP/1.1[0m" 500 -
INFO:root:Открытие главной страницы.
INFO:werkzeug:127.0.0.1 - - [19/Oct/2022 20:39:39] "GET / HTTP/1.1" 200 -
INFO:werkzeug:127.0.0.1 - - [19/Oct/2022 20:39:39] "[36mGET /static/style.css HTTP/1.1[0m" 304 -
INFO:werkzeug:[31m[1mWARNING: This is a development server. Do not use it in a production deployment. Use a production WSGI server instead.[0m
 * Running on http://127.0.0.1:5000
INFO:werkzeug:[33mPress CTRL+C to quit[0m
INFO:werkzeug:127.0.0.1 - - [19/Oct/2022 20:39:58] "GET /post HTTP/1.1" 200 -
INFO:werkzeug:127.0.0.1 - - [19/Oct/2022 20:39:58] "[36mGET /static/style.css HTTP/1.1[0m" 304 -
ERROR:app:Exception on /post [POST]
Traceback (most recent call last):
  File "C:\Python38-32\lib\site-packages\flask\app.py", line 2525, in wsgi_app
    response = self.full_dispatch_request()
  File "C:\Python38-32\lib\site-packages\flask\app.py", line 1822, in full_dispatch_request
    rv = self.handle_user_exception(e)
  File "C:\Python38-32\lib\site-packages\flask\app.py", line 1820, in full_dispatch_request
    rv = self.dispatch_request()
  File "C:\Python38-32\lib\site-packages\flask\app.py", line 1796, in dispatch_request
    return self.ensure_sync(self.view_functions[rule.endpoint])(**view_args)
  File "C:\Users\ADMIN\Desktop\12.2\loader\views.py", line 25, in create_new_post_by_user
    picture.save("uploads/images"/f"{picture.filename}")
TypeError: unsupported operand type(s) for /: 'str' and 'str'
INFO:werkzeug:127.0.0.1 - - [19/Oct/2022 20:40:18] "[35m[1mPOST /post HTTP/1.1[0m" 500 -
INFO:werkzeug:[31m[1mWARNING: This is a development server. Do not use it in a production deployment. Use a production WSGI server instead.[0m
 * Running on http://127.0.0.1:5000
INFO:werkzeug:[33mPress CTRL+C to quit[0m
INFO:root:Открытие главной страницы.
INFO:werkzeug:127.0.0.1 - - [19/Oct/2022 20:44:57] "GET / HTTP/1.1" 200 -
INFO:werkzeug:127.0.0.1 - - [19/Oct/2022 20:44:57] "[36mGET /static/style.css HTTP/1.1[0m" 304 -
INFO:werkzeug:127.0.0.1 - - [19/Oct/2022 20:45:00] "GET /post HTTP/1.1" 200 -
INFO:werkzeug:127.0.0.1 - - [19/Oct/2022 20:45:00] "[36mGET /static/style.css HTTP/1.1[0m" 304 -
INFO:werkzeug:127.0.0.1 - - [19/Oct/2022 20:45:13] "POST /post HTTP/1.1" 200 -
INFO:werkzeug:[31m[1mWARNING: This is a development server. Do not use it in a production deployment. Use a production WSGI server instead.[0m
 * Running on http://127.0.0.1:5000
INFO:werkzeug:[33mPress CTRL+C to quit[0m
INFO:root:Открытие главной страницы.
INFO:werkzeug:127.0.0.1 - - [19/Oct/2022 21:11:53] "GET / HTTP/1.1" 200 -
INFO:werkzeug:127.0.0.1 - - [19/Oct/2022 21:11:53] "[36mGET /static/style.css HTTP/1.1[0m" 304 -
INFO:werkzeug:127.0.0.1 - - [19/Oct/2022 21:12:01] "GET /post HTTP/1.1" 200 -
INFO:werkzeug:127.0.0.1 - - [19/Oct/2022 21:12:01] "[36mGET /static/style.css HTTP/1.1[0m" 304 -
INFO:werkzeug:127.0.0.1 - - [19/Oct/2022 21:12:22] "POST /post HTTP/1.1" 200 -
INFO:werkzeug:127.0.0.1 - - [19/Oct/2022 21:12:22] "[36mGET /static/style.css HTTP/1.1[0m" 304 -
INFO:werkzeug:127.0.0.1 - - [19/Oct/2022 21:12:22] "GET /uploads/images/DSCF4152.JPG HTTP/1.1" 200 -
INFO:werkzeug:127.0.0.1 - - [19/Oct/2022 21:12:37] "GET /post HTTP/1.1" 200 -
INFO:werkzeug:127.0.0.1 - - [19/Oct/2022 21:12:37] "[36mGET /static/style.css HTTP/1.1[0m" 304 -
INFO:root:Открытие главной страницы.
INFO:werkzeug:127.0.0.1 - - [19/Oct/2022 21:12:40] "GET / HTTP/1.1" 200 -
INFO:werkzeug:127.0.0.1 - - [19/Oct/2022 21:12:40] "[36mGET /static/style.css HTTP/1.1[0m" 304 -
INFO:root:поиск...
INFO:werkzeug:127.0.0.1 - - [19/Oct/2022 21:12:42] "GET /search?s= HTTP/1.1" 200 -
INFO:werkzeug:127.0.0.1 - - [19/Oct/2022 21:12:42] "[36mGET /static/style.css HTTP/1.1[0m" 304 -
INFO:root:Открытие главной страницы.
INFO:werkzeug:127.0.0.1 - - [19/Oct/2022 21:12:54] "GET / HTTP/1.1" 200 -
INFO:werkzeug:127.0.0.1 - - [19/Oct/2022 21:12:54] "[36mGET /static/style.css HTTP/1.1[0m" 304 -
INFO:root:поиск...
INFO:werkzeug:127.0.0.1 - - [19/Oct/2022 21:13:08] "GET /search?s=E HTTP/1.1" 200 -
INFO:werkzeug:127.0.0.1 - - [19/Oct/2022 21:13:08] "[36mGET /static/style.css HTTP/1.1[0m" 304 -
INFO:root:Открытие главной страницы.
INFO:werkzeug:127.0.0.1 - - [19/Oct/2022 21:13:10] "GET / HTTP/1.1" 200 -
INFO:werkzeug:127.0.0.1 - - [19/Oct/2022 21:13:10] "[36mGET /static/style.css HTTP/1.1[0m" 304 -
INFO:werkzeug:127.0.0.1 - - [19/Oct/2022 21:16:22] "GET /post HTTP/1.1" 200 -
INFO:werkzeug:127.0.0.1 - - [19/Oct/2022 21:16:22] "[36mGET /static/style.css HTTP/1.1[0m" 304 -
INFO:werkzeug:127.0.0.1 - - [19/Oct/2022 21:16:53] "POST /post HTTP/1.1" 200 -
INFO:werkzeug:127.0.0.1 - - [19/Oct/2022 21:16:53] "[36mGET /static/style.css HTTP/1.1[0m" 304 -
INFO:werkzeug:127.0.0.1 - - [19/Oct/2022 21:16:53] "GET /uploads/images/DSCF4209.JPG HTTP/1.1" 200 -
INFO:werkzeug:127.0.0.1 - - [19/Oct/2022 21:17:00] "GET /post HTTP/1.1" 200 -
INFO:werkzeug:127.0.0.1 - - [19/Oct/2022 21:17:00] "[36mGET /static/style.css HTTP/1.1[0m" 304 -
INFO:root:Открытие главной страницы.
INFO:werkzeug:127.0.0.1 - - [19/Oct/2022 21:17:03] "GET / HTTP/1.1" 200 -
INFO:werkzeug:127.0.0.1 - - [19/Oct/2022 21:17:03] "[36mGET /static/style.css HTTP/1.1[0m" 304 -
INFO:root:поиск...
INFO:werkzeug:127.0.0.1 - - [19/Oct/2022 21:17:08] "GET /search?s=m HTTP/1.1" 200 -
INFO:werkzeug:127.0.0.1 - - [19/Oct/2022 21:17:09] "[36mGET /static/style.css HTTP/1.1[0m" 304 -
INFO:werkzeug:127.0.0.1 - - [19/Oct/2022 21:17:13] "GET /post HTTP/1.1" 200 -
INFO:werkzeug:127.0.0.1 - - [19/Oct/2022 21:17:14] "[36mGET /static/style.css HTTP/1.1[0m" 304 -
INFO:root:Открытие главной страницы.
INFO:werkzeug:127.0.0.1 - - [19/Oct/2022 21:17:15] "GET / HTTP/1.1" 200 -
INFO:werkzeug:127.0.0.1 - - [19/Oct/2022 21:17:15] "[36mGET /static/style.css HTTP/1.1[0m" 304 -
INFO:root:поиск...
INFO:werkzeug:127.0.0.1 - - [19/Oct/2022 21:17:23] "GET /search?s=mama HTTP/1.1" 200 -
INFO:werkzeug:127.0.0.1 - - [19/Oct/2022 21:17:23] "[36mGET /static/style.css HTTP/1.1[0m" 304 -
INFO:werkzeug:[31m[1mWARNING: This is a development server. Do not use it in a production deployment. Use a production WSGI server instead.[0m
 * Running on http://127.0.0.1:5000
INFO:werkzeug:[33mPress CTRL+C to quit[0m
INFO:root:Открытие главной страницы.
INFO:werkzeug:127.0.0.1 - - [19/Oct/2022 21:35:30] "GET / HTTP/1.1" 200 -
INFO:werkzeug:127.0.0.1 - - [19/Oct/2022 21:35:30] "[36mGET /static/style.css HTTP/1.1[0m" 304 -
INFO:root:поиск...
INFO:werkzeug:127.0.0.1 - - [19/Oct/2022 21:35:33] "GET /search?s= HTTP/1.1" 200 -
INFO:root:поиск...
INFO:werkzeug:127.0.0.1 - - [19/Oct/2022 21:35:43] "GET /search?s= HTTP/1.1" 200 -
INFO:werkzeug:127.0.0.1 - - [19/Oct/2022 21:35:52] "GET /post HTTP/1.1" 200 -
INFO:werkzeug:127.0.0.1 - - [19/Oct/2022 21:35:52] "[36mGET /static/style.css HTTP/1.1[0m" 304 -
INFO:root:Открытие главной страницы.
INFO:werkzeug:127.0.0.1 - - [19/Oct/2022 21:36:18] "GET / HTTP/1.1" 200 -
INFO:werkzeug:127.0.0.1 - - [19/Oct/2022 21:36:18] "[36mGET /static/style.css HTTP/1.1[0m" 304 -
INFO:werkzeug:127.0.0.1 - - [19/Oct/2022 21:36:20] "GET /post HTTP/1.1" 200 -
INFO:werkzeug:127.0.0.1 - - [19/Oct/2022 21:36:20] "[36mGET /static/style.css HTTP/1.1[0m" 304 -
INFO:werkzeug:127.0.0.1 - - [19/Oct/2022 21:36:36] "POST /post HTTP/1.1" 200 -
INFO:werkzeug:127.0.0.1 - - [19/Oct/2022 21:36:37] "[36mGET /static/style.css HTTP/1.1[0m" 304 -
INFO:werkzeug:127.0.0.1 - - [19/Oct/2022 21:36:37] "GET /uploads/images/DSCF4166.JPG HTTP/1.1" 200 -
INFO:werkzeug:127.0.0.1 - - [19/Oct/2022 21:36:46] "GET /post HTTP/1.1" 200 -
INFO:werkzeug:127.0.0.1 - - [19/Oct/2022 21:36:46] "[36mGET /static/style.css HTTP/1.1[0m" 304 -
INFO:root:Открытие главной страницы.
INFO:werkzeug:127.0.0.1 - - [19/Oct/2022 21:36:48] "GET / HTTP/1.1" 200 -
INFO:werkzeug:127.0.0.1 - - [19/Oct/2022 21:36:48] "[36mGET /static/style.css HTTP/1.1[0m" 304 -
INFO:root:поиск...
INFO:werkzeug:127.0.0.1 - - [19/Oct/2022 21:36:51] "GET /search?s=ага HTTP/1.1" 200 -
INFO:werkzeug:[31m[1mWARNING: This is a development server. Do not use it in a production deployment. Use a production WSGI server instead.[0m
 * Running on http://127.0.0.1:5000
INFO:werkzeug:[33mPress CTRL+C to quit[0m
INFO:root:Открытие главной страницы.
INFO:werkzeug:127.0.0.1 - - [19/Oct/2022 21:45:53] "GET / HTTP/1.1" 200 -
INFO:werkzeug:127.0.0.1 - - [19/Oct/2022 21:45:53] "[36mGET /static/style.css HTTP/1.1[0m" 304 -
INFO:root:поиск...
INFO:werkzeug:127.0.0.1 - - [19/Oct/2022 21:45:59] "GET /search?s=ага HTTP/1.1" 200 -
INFO:werkzeug:127.0.0.1 - - [19/Oct/2022 21:45:59] "[36mGET /static/style.css HTTP/1.1[0m" 304 -
INFO:root:Открытие главной страницы.
INFO:werkzeug:127.0.0.1 - - [19/Oct/2022 21:46:04] "GET / HTTP/1.1" 200 -
INFO:werkzeug:127.0.0.1 - - [19/Oct/2022 21:46:04] "[36mGET /static/style.css HTTP/1.1[0m" 304 -
INFO:root:поиск...
INFO:werkzeug:127.0.0.1 - - [19/Oct/2022 21:46:17] "GET /search?s=Ef HTTP/1.1" 200 -
INFO:werkzeug:127.0.0.1 - - [19/Oct/2022 21:46:17] "[36mGET /static/style.css HTTP/1.1[0m" 304 -
INFO:werkzeug:127.0.0.1 - - [19/Oct/2022 21:46:17] "[36mGET /uploads/images/DSCF4152.JPG HTTP/1.1[0m" 304 -
INFO:werkzeug:127.0.0.1 - - [19/Oct/2022 21:46:17] "[36mGET /uploads/images/DSCF4209.JPG HTTP/1.1[0m" 304 -
INFO:root:Открытие главной страницы.
INFO:werkzeug:127.0.0.1 - - [19/Oct/2022 21:46:27] "GET / HTTP/1.1" 200 -
INFO:werkzeug:127.0.0.1 - - [19/Oct/2022 21:46:27] "[36mGET /static/style.css HTTP/1.1[0m" 304 -
INFO:werkzeug:127.0.0.1 - - [19/Oct/2022 21:46:30] "GET /post HTTP/1.1" 200 -
INFO:werkzeug:127.0.0.1 - - [19/Oct/2022 21:46:30] "[36mGET /static/style.css HTTP/1.1[0m" 304 -
INFO:root:Открытие главной страницы.
INFO:werkzeug:127.0.0.1 - - [19/Oct/2022 21:46:33] "GET / HTTP/1.1" 200 -
INFO:werkzeug:127.0.0.1 - - [19/Oct/2022 21:46:33] "[36mGET /static/style.css HTTP/1.1[0m" 304 -
INFO:root:поиск...
INFO:werkzeug:127.0.0.1 - - [19/Oct/2022 21:46:41] "GET /search?s=o HTTP/1.1" 200 -
INFO:werkzeug:127.0.0.1 - - [19/Oct/2022 21:46:41] "[36mGET /static/style.css HTTP/1.1[0m" 304 -
INFO:root:Открытие главной страницы.
INFO:werkzeug:127.0.0.1 - - [19/Oct/2022 21:46:43] "GET / HTTP/1.1" 200 -
INFO:werkzeug:127.0.0.1 - - [19/Oct/2022 21:46:43] "[36mGET /static/style.css HTTP/1.1[0m" 304 -
INFO:root:поиск...
INFO:werkzeug:127.0.0.1 - - [19/Oct/2022 21:46:48] "GET /search?s=о HTTP/1.1" 200 -
INFO:werkzeug:127.0.0.1 - - [19/Oct/2022 21:46:49] "[36mGET /static/style.css HTTP/1.1[0m" 304 -
INFO:werkzeug:127.0.0.1 - - [19/Oct/2022 21:46:49] "[36mGET /uploads/images/DSCF4166.JPG HTTP/1.1[0m" 304 -
INFO:werkzeug:127.0.0.1 - - [19/Oct/2022 21:47:00] "GET /post HTTP/1.1" 200 -
INFO:werkzeug:127.0.0.1 - - [19/Oct/2022 21:47:00] "[36mGET /static/style.css HTTP/1.1[0m" 304 -
INFO:werkzeug:[31m[1mWARNING: This is a development server. Do not use it in a production deployment. Use a production WSGI server instead.[0m
 * Running on http://127.0.0.1:5000
INFO:werkzeug:[33mPress CTRL+C to quit[0m
INFO:root:Отсутствует часть данных
INFO:werkzeug:127.0.0.1 - - [19/Oct/2022 21:49:47] "POST /post HTTP/1.1" 200 -
INFO:werkzeug:127.0.0.1 - - [19/Oct/2022 21:49:50] "GET /post HTTP/1.1" 200 -
ERROR:app:Exception on /post [POST]
Traceback (most recent call last):
  File "C:\Python38-32\lib\site-packages\flask\app.py", line 2525, in wsgi_app
    response = self.full_dispatch_request()
  File "C:\Python38-32\lib\site-packages\flask\app.py", line 1822, in full_dispatch_request
    rv = self.handle_user_exception(e)
  File "C:\Python38-32\lib\site-packages\flask\app.py", line 1820, in full_dispatch_request
    rv = self.dispatch_request()
  File "C:\Python38-32\lib\site-packages\flask\app.py", line 1796, in dispatch_request
    return self.ensure_sync(self.view_functions[rule.endpoint])(**view_args)
  File "C:\Users\ADMIN\Desktop\12.2\loader\views.py", line 33, in create_new_post_by_user
    with open(POST_PATH, "w", encoding="utf-8") as file:
FileNotFoundError: [Errno 2] No such file or directory: 'lesson12.2/posts.json'
INFO:werkzeug:127.0.0.1 - - [19/Oct/2022 21:50:21] "[35m[1mPOST /post HTTP/1.1[0m" 500 -
INFO:werkzeug:[31m[1mWARNING: This is a development server. Do not use it in a production deployment. Use a production WSGI server instead.[0m
 * Running on http://127.0.0.1:5000
INFO:werkzeug:[33mPress CTRL+C to quit[0m
INFO:root:Открытие главной страницы.
INFO:werkzeug:127.0.0.1 - - [19/Oct/2022 21:51:24] "GET / HTTP/1.1" 200 -
INFO:werkzeug:127.0.0.1 - - [19/Oct/2022 21:51:25] "[36mGET /static/style.css HTTP/1.1[0m" 304 -
INFO:werkzeug:127.0.0.1 - - [19/Oct/2022 21:51:30] "GET /post HTTP/1.1" 200 -
INFO:werkzeug:127.0.0.1 - - [19/Oct/2022 21:51:30] "[36mGET /static/style.css HTTP/1.1[0m" 304 -
INFO:werkzeug:127.0.0.1 - - [19/Oct/2022 21:51:56] "POST /post HTTP/1.1" 200 -
INFO:werkzeug:127.0.0.1 - - [19/Oct/2022 21:51:56] "[36mGET /static/style.css HTTP/1.1[0m" 304 -
INFO:werkzeug:127.0.0.1 - - [19/Oct/2022 21:51:56] "GET /uploads/images/DSCF4153.JPG HTTP/1.1" 200 -
INFO:werkzeug:127.0.0.1 - - [19/Oct/2022 21:52:08] "GET /post HTTP/1.1" 200 -
INFO:werkzeug:127.0.0.1 - - [19/Oct/2022 21:52:08] "[36mGET /static/style.css HTTP/1.1[0m" 304 -
INFO:root:Открытие главной страницы.
INFO:werkzeug:127.0.0.1 - - [19/Oct/2022 21:52:09] "GET / HTTP/1.1" 200 -
INFO:werkzeug:127.0.0.1 - - [19/Oct/2022 21:52:09] "[36mGET /static/style.css HTTP/1.1[0m" 304 -
INFO:root:поиск...
INFO:werkzeug:127.0.0.1 - - [19/Oct/2022 21:52:14] "GET /search?s=y HTTP/1.1" 200 -
INFO:werkzeug:127.0.0.1 - - [19/Oct/2022 21:52:14] "[36mGET /static/style.css HTTP/1.1[0m" 304 -
INFO:werkzeug:127.0.0.1 - - [19/Oct/2022 21:52:14] "[36mGET /uploads/images/DSCF4153.JPG HTTP/1.1[0m" 304 -
INFO:root:Открытие главной страницы.
INFO:werkzeug:127.0.0.1 - - [19/Oct/2022 21:52:18] "GET / HTTP/1.1" 200 -
INFO:werkzeug:127.0.0.1 - - [19/Oct/2022 21:52:18] "[36mGET /static/style.css HTTP/1.1[0m" 304 -
INFO:root:поиск...
INFO:werkzeug:127.0.0.1 - - [19/Oct/2022 21:52:18] "GET /search?s= HTTP/1.1" 200 -
INFO:werkzeug:127.0.0.1 - - [19/Oct/2022 21:52:19] "[36mGET /static/style.css HTTP/1.1[0m" 304 -
INFO:werkzeug:127.0.0.1 - - [19/Oct/2022 21:52:19] "[36mGET /uploads/images/DSCF4152.JPG HTTP/1.1[0m" 304 -
INFO:werkzeug:127.0.0.1 - - [19/Oct/2022 21:52:19] "[36mGET /uploads/images/DSCF4209.JPG HTTP/1.1[0m" 304 -
INFO:werkzeug:127.0.0.1 - - [19/Oct/2022 21:52:19] "[36mGET /uploads/images/DSCF4166.JPG HTTP/1.1[0m" 304 -
INFO:werkzeug:127.0.0.1 - - [19/Oct/2022 21:52:19] "[36mGET /uploads/images/DSCF4153.JPG HTTP/1.1[0m" 304 -
INFO:werkzeug:[31m[1mWARNING: This is a development server. Do not use it in a production deployment. Use a production WSGI server instead.[0m
 * Running on http://127.0.0.1:5000
INFO:werkzeug:[33mPress CTRL+C to quit[0m
INFO:root:Открытие главной страницы.
INFO:werkzeug:127.0.0.1 - - [19/Oct/2022 21:53:24] "GET / HTTP/1.1" 200 -
INFO:werkzeug:127.0.0.1 - - [19/Oct/2022 21:53:25] "[36mGET /static/style.css HTTP/1.1[0m" 304 -
INFO:root:поиск...
INFO:werkzeug:127.0.0.1 - - [19/Oct/2022 21:53:27] "GET /search?s= HTTP/1.1" 200 -
INFO:werkzeug:127.0.0.1 - - [19/Oct/2022 21:53:27] "[36mGET /static/style.css HTTP/1.1[0m" 304 -
INFO:werkzeug:127.0.0.1 - - [19/Oct/2022 21:53:27] "[36mGET /uploads/images/DSCF4152.JPG HTTP/1.1[0m" 304 -
INFO:werkzeug:127.0.0.1 - - [19/Oct/2022 21:53:27] "[36mGET /uploads/images/DSCF4209.JPG HTTP/1.1[0m" 304 -
INFO:werkzeug:127.0.0.1 - - [19/Oct/2022 21:53:27] "[36mGET /uploads/images/DSCF4166.JPG HTTP/1.1[0m" 304 -
INFO:werkzeug:127.0.0.1 - - [19/Oct/2022 21:53:27] "[36mGET /uploads/images/DSCF4153.JPG HTTP/1.1[0m" 304 -
INFO:werkzeug:127.0.0.1 - - [19/Oct/2022 21:53:38] "GET /post HTTP/1.1" 200 -
INFO:werkzeug:127.0.0.1 - - [19/Oct/2022 21:53:38] "[36mGET /static/style.css HTTP/1.1[0m" 304 -
INFO:root:Открытие главной страницы.
INFO:werkzeug:127.0.0.1 - - [19/Oct/2022 21:53:59] "GET / HTTP/1.1" 200 -
INFO:werkzeug:127.0.0.1 - - [19/Oct/2022 21:54:00] "[36mGET /static/style.css HTTP/1.1[0m" 304 -
INFO:werkzeug:127.0.0.1 - - [19/Oct/2022 21:54:02] "GET /post HTTP/1.1" 200 -
INFO:werkzeug:127.0.0.1 - - [19/Oct/2022 21:54:02] "[36mGET /static/style.css HTTP/1.1[0m" 304 -
ERROR:app:Exception on /post [POST]
Traceback (most recent call last):
  File "C:\Users\ADMIN\Desktop\12.2\main\utils.py", line 7, in load_json_data
    with open(path, "r", encoding="UTF-8") as file:
FileNotFoundError: [Errno 2] No such file or directory: '../main/posts.json'

During handling of the above exception, another exception occurred:

Traceback (most recent call last):
  File "C:\Python38-32\lib\site-packages\flask\app.py", line 2525, in wsgi_app
    response = self.full_dispatch_request()
  File "C:\Python38-32\lib\site-packages\flask\app.py", line 1822, in full_dispatch_request
    rv = self.handle_user_exception(e)
  File "C:\Python38-32\lib\site-packages\flask\app.py", line 1820, in full_dispatch_request
    rv = self.dispatch_request()
  File "C:\Python38-32\lib\site-packages\flask\app.py", line 1796, in dispatch_request
    return self.ensure_sync(self.view_functions[rule.endpoint])(**view_args)
  File "C:\Users\ADMIN\Desktop\12.2\loader\views.py", line 26, in create_new_post_by_user
    posts = load_json_data("../main/posts.json")
  File "C:\Users\ADMIN\Desktop\12.2\main\utils.py", line 10, in load_json_data
    raise DataJsonError
exeptions.DataJsonError
INFO:werkzeug:127.0.0.1 - - [19/Oct/2022 21:54:22] "[35m[1mPOST /post HTTP/1.1[0m" 500 -
ERROR:app:Exception on /post [POST]
Traceback (most recent call last):
  File "C:\Users\ADMIN\Desktop\12.2\main\utils.py", line 7, in load_json_data
    with open(path, "r", encoding="UTF-8") as file:
FileNotFoundError: [Errno 2] No such file or directory: '../main/posts.json'

During handling of the above exception, another exception occurred:

Traceback (most recent call last):
  File "C:\Python38-32\lib\site-packages\flask\app.py", line 2525, in wsgi_app
    response = self.full_dispatch_request()
  File "C:\Python38-32\lib\site-packages\flask\app.py", line 1822, in full_dispatch_request
    rv = self.handle_user_exception(e)
  File "C:\Python38-32\lib\site-packages\flask\app.py", line 1820, in full_dispatch_request
    rv = self.dispatch_request()
  File "C:\Python38-32\lib\site-packages\flask\app.py", line 1796, in dispatch_request
    return self.ensure_sync(self.view_functions[rule.endpoint])(**view_args)
  File "C:\Users\ADMIN\Desktop\12.2\loader\views.py", line 26, in create_new_post_by_user
    posts = load_json_data("../main/posts.json")
  File "C:\Users\ADMIN\Desktop\12.2\main\utils.py", line 10, in load_json_data
    raise DataJsonError
exeptions.DataJsonError
INFO:werkzeug:127.0.0.1 - - [19/Oct/2022 21:54:55] "[35m[1mPOST /post HTTP/1.1[0m" 500 -
INFO:root:Открытие главной страницы.
INFO:werkzeug:127.0.0.1 - - [19/Oct/2022 21:56:25] "GET / HTTP/1.1" 200 -
INFO:werkzeug:127.0.0.1 - - [19/Oct/2022 21:56:25] "[36mGET /static/style.css HTTP/1.1[0m" 304 -
INFO:werkzeug:127.0.0.1 - - [19/Oct/2022 21:56:28] "GET /post HTTP/1.1" 200 -
INFO:werkzeug:127.0.0.1 - - [19/Oct/2022 21:56:28] "[36mGET /static/style.css HTTP/1.1[0m" 304 -
ERROR:app:Exception on /post [POST]
Traceback (most recent call last):
  File "C:\Users\ADMIN\Desktop\12.2\main\utils.py", line 7, in load_json_data
    with open(path, "r", encoding="UTF-8") as file:
FileNotFoundError: [Errno 2] No such file or directory: '../main/posts.json'

During handling of the above exception, another exception occurred:

Traceback (most recent call last):
  File "C:\Python38-32\lib\site-packages\flask\app.py", line 2525, in wsgi_app
    response = self.full_dispatch_request()
  File "C:\Python38-32\lib\site-packages\flask\app.py", line 1822, in full_dispatch_request
    rv = self.handle_user_exception(e)
  File "C:\Python38-32\lib\site-packages\flask\app.py", line 1820, in full_dispatch_request
    rv = self.dispatch_request()
  File "C:\Python38-32\lib\site-packages\flask\app.py", line 1796, in dispatch_request
    return self.ensure_sync(self.view_functions[rule.endpoint])(**view_args)
  File "C:\Users\ADMIN\Desktop\12.2\loader\views.py", line 26, in create_new_post_by_user
    posts = load_json_data("../lesson12.2/posts.json")
  File "C:\Users\ADMIN\Desktop\12.2\main\utils.py", line 10, in load_json_data
    raise DataJsonError
exeptions.DataJsonError
INFO:werkzeug:127.0.0.1 - - [19/Oct/2022 21:56:53] "[35m[1mPOST /post HTTP/1.1[0m" 500 -
INFO:werkzeug:[31m[1mWARNING: This is a development server. Do not use it in a production deployment. Use a production WSGI server instead.[0m
 * Running on http://127.0.0.1:5000
INFO:werkzeug:[33mPress CTRL+C to quit[0m
INFO:root:Открытие главной страницы.
INFO:werkzeug:127.0.0.1 - - [19/Oct/2022 21:57:20] "GET / HTTP/1.1" 200 -
INFO:werkzeug:127.0.0.1 - - [19/Oct/2022 21:57:20] "[36mGET /static/style.css HTTP/1.1[0m" 304 -
INFO:werkzeug:127.0.0.1 - - [19/Oct/2022 21:57:25] "GET /post HTTP/1.1" 200 -
INFO:werkzeug:127.0.0.1 - - [19/Oct/2022 21:57:25] "[36mGET /static/style.css HTTP/1.1[0m" 304 -
INFO:werkzeug:127.0.0.1 - - [19/Oct/2022 21:57:39] "POST /post HTTP/1.1" 200 -
INFO:werkzeug:127.0.0.1 - - [19/Oct/2022 21:57:39] "[36mGET /static/style.css HTTP/1.1[0m" 304 -
INFO:werkzeug:127.0.0.1 - - [19/Oct/2022 21:57:39] "GET /uploads/images/DSCF4147.JPG HTTP/1.1" 200 -
INFO:werkzeug:127.0.0.1 - - [19/Oct/2022 21:57:49] "GET /post HTTP/1.1" 200 -
INFO:werkzeug:127.0.0.1 - - [19/Oct/2022 21:57:49] "[36mGET /static/style.css HTTP/1.1[0m" 304 -
INFO:root:Открытие главной страницы.
INFO:werkzeug:127.0.0.1 - - [19/Oct/2022 21:57:52] "GET / HTTP/1.1" 200 -
INFO:werkzeug:127.0.0.1 - - [19/Oct/2022 21:57:52] "[36mGET /static/style.css HTTP/1.1[0m" 304 -
INFO:root:поиск...
INFO:werkzeug:127.0.0.1 - - [19/Oct/2022 21:57:55] "GET /search?s= HTTP/1.1" 200 -
INFO:werkzeug:127.0.0.1 - - [19/Oct/2022 21:57:55] "[36mGET /static/style.css HTTP/1.1[0m" 304 -
INFO:werkzeug:127.0.0.1 - - [19/Oct/2022 21:57:56] "[36mGET /uploads/images/DSCF4152.JPG HTTP/1.1[0m" 304 -
INFO:werkzeug:127.0.0.1 - - [19/Oct/2022 21:57:56] "[36mGET /uploads/images/DSCF4209.JPG HTTP/1.1[0m" 304 -
INFO:werkzeug:127.0.0.1 - - [19/Oct/2022 21:57:56] "[36mGET /uploads/images/DSCF4166.JPG HTTP/1.1[0m" 304 -
INFO:werkzeug:127.0.0.1 - - [19/Oct/2022 21:57:56] "[36mGET /uploads/images/DSCF4153.JPG HTTP/1.1[0m" 304 -
INFO:werkzeug:127.0.0.1 - - [19/Oct/2022 21:57:56] "[36mGET /uploads/images/DSCF4147.JPG HTTP/1.1[0m" 304 -
INFO:root:поиск...
INFO:werkzeug:127.0.0.1 - - [19/Oct/2022 21:58:23] "GET /search?s=Sasha HTTP/1.1" 200 -
INFO:werkzeug:127.0.0.1 - - [19/Oct/2022 21:58:23] "[36mGET /static/style.css HTTP/1.1[0m" 304 -
INFO:werkzeug:127.0.0.1 - - [19/Oct/2022 21:58:23] "[36mGET /uploads/images/DSCF4147.JPG HTTP/1.1[0m" 304 -
INFO:werkzeug:[31m[1mWARNING: This is a development server. Do not use it in a production deployment. Use a production WSGI server instead.[0m
 * Running on http://127.0.0.1:5000
INFO:werkzeug:[33mPress CTRL+C to quit[0m
INFO:root:Открытие главной страницы.
INFO:werkzeug:127.0.0.1 - - [19/Oct/2022 23:38:08] "GET / HTTP/1.1" 200 -
INFO:werkzeug:127.0.0.1 - - [19/Oct/2022 23:38:08] "GET /static/style.css HTTP/1.1" 200 -
INFO:root:поиск...
INFO:werkzeug:127.0.0.1 - - [19/Oct/2022 23:38:13] "GET /search?s=ага HTTP/1.1" 200 -
INFO:werkzeug:127.0.0.1 - - [19/Oct/2022 23:38:20] "GET /post HTTP/1.1" 200 -
INFO:werkzeug:127.0.0.1 - - [19/Oct/2022 23:38:20] "[36mGET /static/style.css HTTP/1.1[0m" 304 -
ERROR:app:Exception on /post [POST]
Traceback (most recent call last):
  File "C:\Users\ADMIN\Desktop\12.2\main\utils.py", line 7, in load_json_data
    with open(path, "r", encoding="UTF-8") as file:
FileNotFoundError: [Errno 2] No such file or directory: '../posts.json'

During handling of the above exception, another exception occurred:

Traceback (most recent call last):
  File "C:\Python38-32\lib\site-packages\flask\app.py", line 2525, in wsgi_app
    response = self.full_dispatch_request()
  File "C:\Python38-32\lib\site-packages\flask\app.py", line 1822, in full_dispatch_request
    rv = self.handle_user_exception(e)
  File "C:\Python38-32\lib\site-packages\flask\app.py", line 1820, in full_dispatch_request
    rv = self.dispatch_request()
  File "C:\Python38-32\lib\site-packages\flask\app.py", line 1796, in dispatch_request
    return self.ensure_sync(self.view_functions[rule.endpoint])(**view_args)
  File "C:\Users\ADMIN\Desktop\12.2\loader\views.py", line 27, in create_new_post_by_user
    posts = load_json_data(POST_PATH)
  File "C:\Users\ADMIN\Desktop\12.2\main\utils.py", line 10, in load_json_data
    raise DataJsonError
exeptions.DataJsonError
INFO:werkzeug:127.0.0.1 - - [19/Oct/2022 23:38:33] "[35m[1mPOST /post HTTP/1.1[0m" 500 -
INFO:werkzeug:[31m[1mWARNING: This is a development server. Do not use it in a production deployment. Use a production WSGI server instead.[0m
 * Running on http://127.0.0.1:5000
INFO:werkzeug:[33mPress CTRL+C to quit[0m
INFO:root:Открытие главной страницы.
INFO:werkzeug:127.0.0.1 - - [19/Oct/2022 23:42:04] "GET / HTTP/1.1" 200 -
INFO:werkzeug:127.0.0.1 - - [19/Oct/2022 23:42:04] "[36mGET /static/style.css HTTP/1.1[0m" 304 -
INFO:root:поиск...
INFO:werkzeug:127.0.0.1 - - [19/Oct/2022 23:42:07] "GET /search?s=ага HTTP/1.1" 200 -
INFO:werkzeug:127.0.0.1 - - [19/Oct/2022 23:42:08] "[36mGET /static/style.css HTTP/1.1[0m" 304 -
INFO:werkzeug:127.0.0.1 - - [19/Oct/2022 23:42:14] "GET /post HTTP/1.1" 200 -
INFO:werkzeug:127.0.0.1 - - [19/Oct/2022 23:42:14] "[36mGET /static/style.css HTTP/1.1[0m" 304 -
ERROR:app:Exception on /post [POST]
Traceback (most recent call last):
  File "C:\Python38-32\lib\site-packages\flask\app.py", line 2525, in wsgi_app
    response = self.full_dispatch_request()
  File "C:\Python38-32\lib\site-packages\flask\app.py", line 1822, in full_dispatch_request
    rv = self.handle_user_exception(e)
  File "C:\Python38-32\lib\site-packages\flask\app.py", line 1820, in full_dispatch_request
    rv = self.dispatch_request()
  File "C:\Python38-32\lib\site-packages\flask\app.py", line 1796, in dispatch_request
    return self.ensure_sync(self.view_functions[rule.endpoint])(**view_args)
  File "C:\Users\ADMIN\Desktop\12.2\loader\views.py", line 28, in create_new_post_by_user
    new_post = {"pic": pic_save(picture), "content": content}
  File "C:\Users\ADMIN\Desktop\12.2\loader\utils.py", line 11, in pic_save
    raise WrongImgFile(f"Неверный формат файла! Допустимы {', '.join(allowed_type)}")
exeptions.WrongImgFile: Неверный формат файла! Допустимы jpg, png, gif, jpeg
INFO:werkzeug:127.0.0.1 - - [19/Oct/2022 23:42:23] "[35m[1mPOST /post HTTP/1.1[0m" 500 -
INFO:root:Открытие главной страницы.
INFO:werkzeug:127.0.0.1 - - [19/Oct/2022 23:42:48] "GET / HTTP/1.1" 200 -
INFO:werkzeug:127.0.0.1 - - [19/Oct/2022 23:42:48] "[36mGET /static/style.css HTTP/1.1[0m" 304 -
INFO:root:поиск...
INFO:werkzeug:127.0.0.1 - - [19/Oct/2022 23:42:50] "GET /search?s= HTTP/1.1" 200 -
INFO:werkzeug:127.0.0.1 - - [19/Oct/2022 23:42:50] "[36mGET /static/style.css HTTP/1.1[0m" 304 -
INFO:werkzeug:127.0.0.1 - - [19/Oct/2022 23:42:50] "GET /uploads/images/DSCF4152.JPG HTTP/1.1" 200 -
INFO:werkzeug:127.0.0.1 - - [19/Oct/2022 23:42:50] "GET /uploads/images/DSCF4209.JPG HTTP/1.1" 200 -
INFO:werkzeug:127.0.0.1 - - [19/Oct/2022 23:42:50] "GET /uploads/images/DSCF4166.JPG HTTP/1.1" 200 -
INFO:werkzeug:127.0.0.1 - - [19/Oct/2022 23:42:50] "GET /uploads/images/DSCF4153.JPG HTTP/1.1" 200 -
INFO:werkzeug:127.0.0.1 - - [19/Oct/2022 23:42:50] "GET /uploads/images/DSCF4147.JPG HTTP/1.1" 200 -
INFO:werkzeug:127.0.0.1 - - [19/Oct/2022 23:43:01] "GET /post HTTP/1.1" 200 -
INFO:werkzeug:127.0.0.1 - - [19/Oct/2022 23:43:01] "[36mGET /static/style.css HTTP/1.1[0m" 304 -
INFO:werkzeug:[31m[1mWARNING: This is a development server. Do not use it in a production deployment. Use a production WSGI server instead.[0m
 * Running on http://127.0.0.1:5000
INFO:werkzeug:[33mPress CTRL+C to quit[0m
INFO:root:Открытие главной страницы.
INFO:werkzeug:127.0.0.1 - - [19/Oct/2022 23:45:17] "GET / HTTP/1.1" 200 -
INFO:werkzeug:127.0.0.1 - - [19/Oct/2022 23:45:17] "[36mGET /static/style.css HTTP/1.1[0m" 304 -
INFO:werkzeug:127.0.0.1 - - [19/Oct/2022 23:45:19] "GET /post HTTP/1.1" 200 -
INFO:werkzeug:127.0.0.1 - - [19/Oct/2022 23:45:19] "[36mGET /static/style.css HTTP/1.1[0m" 304 -
ERROR:app:Exception on /post [POST]
Traceback (most recent call last):
  File "C:\Python38-32\lib\site-packages\flask\app.py", line 2525, in wsgi_app
    response = self.full_dispatch_request()
  File "C:\Python38-32\lib\site-packages\flask\app.py", line 1822, in full_dispatch_request
    rv = self.handle_user_exception(e)
  File "C:\Python38-32\lib\site-packages\flask\app.py", line 1820, in full_dispatch_request
    rv = self.dispatch_request()
  File "C:\Python38-32\lib\site-packages\flask\app.py", line 1796, in dispatch_request
    return self.ensure_sync(self.view_functions[rule.endpoint])(**view_args)
  File "C:\Users\ADMIN\Desktop\12.2\loader\views.py", line 28, in create_new_post_by_user
    new_post = {"pic": pic_save(picture), "content": content}
  File "C:\Users\ADMIN\Desktop\12.2\loader\utils.py", line 8, in pic_save
    allowed_type = ["jpg", "png", "gif", "jpeg"].lower
AttributeError: 'list' object has no attribute 'lower'
INFO:werkzeug:127.0.0.1 - - [19/Oct/2022 23:45:35] "[35m[1mPOST /post HTTP/1.1[0m" 500 -
INFO:werkzeug:[31m[1mWARNING: This is a development server. Do not use it in a production deployment. Use a production WSGI server instead.[0m
 * Running on http://127.0.0.1:5000
INFO:werkzeug:[33mPress CTRL+C to quit[0m
INFO:root:Открытие главной страницы.
INFO:werkzeug:127.0.0.1 - - [19/Oct/2022 23:48:03] "GET / HTTP/1.1" 200 -
INFO:werkzeug:127.0.0.1 - - [19/Oct/2022 23:48:03] "[36mGET /static/style.css HTTP/1.1[0m" 304 -
INFO:werkzeug:127.0.0.1 - - [19/Oct/2022 23:48:05] "GET /post HTTP/1.1" 200 -
INFO:werkzeug:127.0.0.1 - - [19/Oct/2022 23:48:05] "[36mGET /static/style.css HTTP/1.1[0m" 304 -
INFO:werkzeug:127.0.0.1 - - [19/Oct/2022 23:48:28] "POST /post HTTP/1.1" 200 -
INFO:werkzeug:127.0.0.1 - - [19/Oct/2022 23:48:28] "[36mGET /static/style.css HTTP/1.1[0m" 304 -
INFO:werkzeug:127.0.0.1 - - [19/Oct/2022 23:48:28] "GET /uploads/images/DSCF4145.JPG HTTP/1.1" 200 -
INFO:werkzeug:127.0.0.1 - - [19/Oct/2022 23:48:33] "GET /post HTTP/1.1" 200 -
INFO:werkzeug:127.0.0.1 - - [19/Oct/2022 23:48:33] "[36mGET /static/style.css HTTP/1.1[0m" 304 -
INFO:root:Открытие главной страницы.
INFO:werkzeug:127.0.0.1 - - [19/Oct/2022 23:48:36] "GET / HTTP/1.1" 200 -
INFO:werkzeug:127.0.0.1 - - [19/Oct/2022 23:48:36] "[36mGET /static/style.css HTTP/1.1[0m" 304 -
INFO:root:поиск...
INFO:werkzeug:127.0.0.1 - - [19/Oct/2022 23:48:37] "GET /search?s= HTTP/1.1" 200 -
INFO:werkzeug:127.0.0.1 - - [19/Oct/2022 23:48:37] "[36mGET /static/style.css HTTP/1.1[0m" 304 -
INFO:werkzeug:127.0.0.1 - - [19/Oct/2022 23:48:37] "[36mGET /uploads/images/DSCF4152.JPG HTTP/1.1[0m" 304 -
INFO:werkzeug:127.0.0.1 - - [19/Oct/2022 23:48:37] "[36mGET /uploads/images/DSCF4209.JPG HTTP/1.1[0m" 304 -
INFO:werkzeug:127.0.0.1 - - [19/Oct/2022 23:48:37] "[36mGET /uploads/images/DSCF4166.JPG HTTP/1.1[0m" 304 -
INFO:werkzeug:127.0.0.1 - - [19/Oct/2022 23:48:37] "[36mGET /uploads/images/DSCF4153.JPG HTTP/1.1[0m" 304 -
INFO:werkzeug:127.0.0.1 - - [19/Oct/2022 23:48:37] "[36mGET /uploads/images/DSCF4147.JPG HTTP/1.1[0m" 304 -
INFO:werkzeug:127.0.0.1 - - [19/Oct/2022 23:48:37] "[36mGET /uploads/images/DSCF4145.JPG HTTP/1.1[0m" 304 -
INFO:werkzeug:[31m[1mWARNING: This is a development server. Do not use it in a production deployment. Use a production WSGI server instead.[0m
 * Running on http://127.0.0.1:5000
INFO:werkzeug:[33mPress CTRL+C to quit[0m
INFO:root:Открытие главной страницы.
INFO:werkzeug:127.0.0.1 - - [20/Oct/2022 00:08:31] "GET / HTTP/1.1" 200 -
INFO:werkzeug:127.0.0.1 - - [20/Oct/2022 00:08:31] "[36mGET /static/style.css HTTP/1.1[0m" 304 -
INFO:werkzeug:127.0.0.1 - - [20/Oct/2022 00:08:32] "[36mGET /static/style.css HTTP/1.1[0m" 304 -
INFO:root:поиск...
INFO:werkzeug:127.0.0.1 - - [20/Oct/2022 00:08:35] "GET /search?s= HTTP/1.1" 200 -
INFO:werkzeug:127.0.0.1 - - [20/Oct/2022 00:08:35] "[36mGET /static/style.css HTTP/1.1[0m" 304 -
INFO:werkzeug:127.0.0.1 - - [20/Oct/2022 00:08:35] "[36mGET /uploads/images/DSCF4152.JPG HTTP/1.1[0m" 304 -
INFO:werkzeug:127.0.0.1 - - [20/Oct/2022 00:08:35] "[36mGET /uploads/images/DSCF4209.JPG HTTP/1.1[0m" 304 -
INFO:werkzeug:127.0.0.1 - - [20/Oct/2022 00:08:35] "[36mGET /uploads/images/DSCF4166.JPG HTTP/1.1[0m" 304 -
INFO:werkzeug:127.0.0.1 - - [20/Oct/2022 00:08:35] "[36mGET /uploads/images/DSCF4153.JPG HTTP/1.1[0m" 304 -
INFO:werkzeug:127.0.0.1 - - [20/Oct/2022 00:08:35] "[36mGET /uploads/images/DSCF4147.JPG HTTP/1.1[0m" 304 -
INFO:werkzeug:127.0.0.1 - - [20/Oct/2022 00:08:35] "[36mGET /uploads/images/DSCF4145.JPG HTTP/1.1[0m" 304 -
INFO:root:поиск...
INFO:werkzeug:127.0.0.1 - - [20/Oct/2022 00:08:43] "GET /search?s=E HTTP/1.1" 200 -
INFO:werkzeug:127.0.0.1 - - [20/Oct/2022 00:08:43] "[36mGET /static/style.css HTTP/1.1[0m" 304 -
INFO:werkzeug:127.0.0.1 - - [20/Oct/2022 00:08:43] "[36mGET /uploads/images/DSCF4152.JPG HTTP/1.1[0m" 304 -
INFO:werkzeug:127.0.0.1 - - [20/Oct/2022 00:08:43] "[36mGET /uploads/images/DSCF4209.JPG HTTP/1.1[0m" 304 -
INFO:werkzeug:127.0.0.1 - - [20/Oct/2022 00:08:52] "GET /post HTTP/1.1" 200 -
INFO:werkzeug:127.0.0.1 - - [20/Oct/2022 00:08:52] "[36mGET /static/style.css HTTP/1.1[0m" 304 -
INFO:werkzeug:127.0.0.1 - - [20/Oct/2022 00:09:16] "POST /post HTTP/1.1" 200 -
INFO:werkzeug:127.0.0.1 - - [20/Oct/2022 00:09:16] "[36mGET /static/style.css HTTP/1.1[0m" 304 -
INFO:werkzeug:127.0.0.1 - - [20/Oct/2022 00:09:16] "GET /uploads/images/ОЗ.jpg HTTP/1.1" 200 -
INFO:werkzeug:127.0.0.1 - - [20/Oct/2022 00:09:43] "GET /post HTTP/1.1" 200 -
INFO:werkzeug:127.0.0.1 - - [20/Oct/2022 00:09:43] "[36mGET /static/style.css HTTP/1.1[0m" 304 -
INFO:root:400 Bad Request: The browser (or proxy) sent a request that this server could not understand.
INFO:werkzeug:127.0.0.1 - - [20/Oct/2022 00:10:22] "POST /post HTTP/1.1" 200 -
INFO:werkzeug:127.0.0.1 - - [20/Oct/2022 00:10:43] "GET /post HTTP/1.1" 200 -
INFO:werkzeug:[31m[1mWARNING: This is a development server. Do not use it in a production deployment. Use a production WSGI server instead.[0m
 * Running on http://127.0.0.1:5000
INFO:werkzeug:[33mPress CTRL+C to quit[0m
INFO:werkzeug:[31m[1mWARNING: This is a development server. Do not use it in a production deployment. Use a production WSGI server instead.[0m
 * Running on http://127.0.0.1:5000
INFO:werkzeug:[33mPress CTRL+C to quit[0m
INFO:root:Открытие главной страницы.
INFO:werkzeug:127.0.0.1 - - [20/Oct/2022 22:31:07] "GET / HTTP/1.1" 200 -
INFO:werkzeug:127.0.0.1 - - [20/Oct/2022 22:31:07] "[36mGET /static/style.css HTTP/1.1[0m" 304 -
INFO:werkzeug:127.0.0.1 - - [20/Oct/2022 22:31:09] "[33mGET /favicon.ico HTTP/1.1[0m" 404 -
INFO:root:поиск...
INFO:werkzeug:127.0.0.1 - - [20/Oct/2022 22:31:13] "GET /search?s=ага HTTP/1.1" 200 -
INFO:werkzeug:127.0.0.1 - - [20/Oct/2022 22:31:13] "[36mGET /static/style.css HTTP/1.1[0m" 304 -
INFO:root:Открытие главной страницы.
INFO:werkzeug:127.0.0.1 - - [20/Oct/2022 22:31:15] "GET / HTTP/1.1" 200 -
INFO:werkzeug:127.0.0.1 - - [20/Oct/2022 22:31:15] "[36mGET /static/style.css HTTP/1.1[0m" 304 -
INFO:werkzeug:127.0.0.1 - - [20/Oct/2022 22:31:17] "GET /post HTTP/1.1" 200 -
INFO:werkzeug:127.0.0.1 - - [20/Oct/2022 22:31:17] "[36mGET /static/style.css HTTP/1.1[0m" 304 -
ERROR:root:Отсутствует часть данных
INFO:werkzeug:127.0.0.1 - - [20/Oct/2022 22:31:25] "POST /post HTTP/1.1" 200 -
INFO:werkzeug:127.0.0.1 - - [20/Oct/2022 22:37:37] "GET /post HTTP/1.1" 200 -
INFO:root:400 Bad Request: The browser (or proxy) sent a request that this server could not understand.
INFO:werkzeug:127.0.0.1 - - [20/Oct/2022 22:37:56] "POST /post HTTP/1.1" 200 -
INFO:werkzeug:127.0.0.1 - - [20/Oct/2022 22:38:00] "GET /post HTTP/1.1" 200 -
INFO:werkzeug:[31m[1mWARNING: This is a development server. Do not use it in a production deployment. Use a production WSGI server instead.[0m
 * Running on http://127.0.0.1:5000
INFO:werkzeug:[33mPress CTRL+C to quit[0m
INFO:werkzeug:[31m[1mWARNING: This is a development server. Do not use it in a production deployment. Use a production WSGI server instead.[0m
 * Running on http://127.0.0.1:5000
INFO:werkzeug:[33mPress CTRL+C to quit[0m
INFO:root:Открытие главной страницы.
INFO:werkzeug:127.0.0.1 - - [20/Oct/2022 23:03:20] "GET / HTTP/1.1" 200 -
INFO:werkzeug:127.0.0.1 - - [20/Oct/2022 23:03:20] "[36mGET /static/style.css HTTP/1.1[0m" 304 -
INFO:root:поиск...
INFO:werkzeug:127.0.0.1 - - [20/Oct/2022 23:03:23] "GET /search?s= HTTP/1.1" 200 -
INFO:werkzeug:127.0.0.1 - - [20/Oct/2022 23:03:23] "[36mGET /static/style.css HTTP/1.1[0m" 304 -
INFO:werkzeug:127.0.0.1 - - [20/Oct/2022 23:03:24] "[33mGET /uploads/images/ОЗ.jpg HTTP/1.1[0m" 404 -
INFO:werkzeug:127.0.0.1 - - [20/Oct/2022 23:03:24] "[33mGET /uploads/images/DSCF4166.JPG HTTP/1.1[0m" 404 -
